2026-01-02 20:47:02,582 INFO: [31m[1mWARNING: This is a development server. Do not use it in a production deployment. Use a production WSGI server instead.[0m
 * Running on http://127.0.0.1:5000 [in C:\anaconda3\Lib\site-packages\werkzeug\_internal.py:97]
2026-01-02 20:47:02,594 INFO: [33mPress CTRL+C to quit[0m [in C:\anaconda3\Lib\site-packages\werkzeug\_internal.py:97]
2026-01-02 20:47:02,712 INFO:  * Restarting with watchdog (windowsapi) [in C:\anaconda3\Lib\site-packages\werkzeug\_internal.py:97]
2026-01-02 20:47:06,274 WARNING:  * Debugger is active! [in C:\anaconda3\Lib\site-packages\werkzeug\_internal.py:97]
2026-01-02 20:47:06,279 INFO:  * Debugger PIN: 649-941-359 [in C:\anaconda3\Lib\site-packages\werkzeug\_internal.py:97]
2026-01-02 20:49:35,434 INFO: 127.0.0.1 - - [02/Jan/2026 20:49:35] "[31m[1mPOST /predict HTTP/1.1[0m" 401 - [in C:\anaconda3\Lib\site-packages\werkzeug\_internal.py:97]
2026-01-02 20:50:04,713 ERROR: Inference error: 'product_weight_kg' is an invalid keyword argument for PredictionHistory [in C:\Users\A.L.N. Srinivas\Desktop\EcoPackAI\app.py:97]
2026-01-02 20:50:04,723 INFO: 127.0.0.1 - - [02/Jan/2026 20:50:04] "[35m[1mPOST /predict HTTP/1.1[0m" 500 - [in C:\anaconda3\Lib\site-packages\werkzeug\_internal.py:97]
2026-01-02 20:52:25,295 INFO:  * Detected change in 'C:\\Users\\A.L.N. Srinivas\\Desktop\\EcoPackAI\\app.py', reloading [in C:\anaconda3\Lib\site-packages\werkzeug\_internal.py:97]
2026-01-02 20:52:25,360 INFO:  * Detected change in 'C:\\Users\\A.L.N. Srinivas\\Desktop\\EcoPackAI\\app.py', reloading [in C:\anaconda3\Lib\site-packages\werkzeug\_internal.py:97]
2026-01-02 20:52:25,361 INFO:  * Detected change in 'C:\\Users\\A.L.N. Srinivas\\Desktop\\EcoPackAI\\app.py', reloading [in C:\anaconda3\Lib\site-packages\werkzeug\_internal.py:97]
2026-01-02 20:52:26,408 INFO:  * Restarting with watchdog (windowsapi) [in C:\anaconda3\Lib\site-packages\werkzeug\_internal.py:97]
2026-01-02 20:52:30,782 WARNING:  * Debugger is active! [in C:\anaconda3\Lib\site-packages\werkzeug\_internal.py:97]
2026-01-02 20:52:30,788 INFO:  * Debugger PIN: 649-941-359 [in C:\anaconda3\Lib\site-packages\werkzeug\_internal.py:97]
2026-01-02 20:53:19,889 INFO:  * Detected change in 'C:\\Users\\A.L.N. Srinivas\\Desktop\\EcoPackAI\\app.py', reloading [in C:\anaconda3\Lib\site-packages\werkzeug\_internal.py:97]
2026-01-02 20:53:19,889 INFO:  * Detected change in 'C:\\Users\\A.L.N. Srinivas\\Desktop\\EcoPackAI\\app.py', reloading [in C:\anaconda3\Lib\site-packages\werkzeug\_internal.py:97]
2026-01-02 20:53:19,890 INFO:  * Detected change in 'C:\\Users\\A.L.N. Srinivas\\Desktop\\EcoPackAI\\app.py', reloading [in C:\anaconda3\Lib\site-packages\werkzeug\_internal.py:97]
2026-01-02 20:53:20,635 INFO:  * Restarting with watchdog (windowsapi) [in C:\anaconda3\Lib\site-packages\werkzeug\_internal.py:97]
2026-01-02 20:53:24,941 WARNING:  * Debugger is active! [in C:\anaconda3\Lib\site-packages\werkzeug\_internal.py:97]
2026-01-02 20:53:24,948 INFO:  * Debugger PIN: 649-941-359 [in C:\anaconda3\Lib\site-packages\werkzeug\_internal.py:97]
2026-01-02 20:53:40,969 INFO: [31m[1mWARNING: This is a development server. Do not use it in a production deployment. Use a production WSGI server instead.[0m
 * Running on http://127.0.0.1:5000 [in C:\anaconda3\Lib\site-packages\werkzeug\_internal.py:97]
2026-01-02 20:53:40,969 INFO: [33mPress CTRL+C to quit[0m [in C:\anaconda3\Lib\site-packages\werkzeug\_internal.py:97]
2026-01-02 20:53:40,989 INFO:  * Restarting with watchdog (windowsapi) [in C:\anaconda3\Lib\site-packages\werkzeug\_internal.py:97]
2026-01-02 20:53:44,416 WARNING:  * Debugger is active! [in C:\anaconda3\Lib\site-packages\werkzeug\_internal.py:97]
2026-01-02 20:53:44,422 INFO:  * Debugger PIN: 649-941-359 [in C:\anaconda3\Lib\site-packages\werkzeug\_internal.py:97]
2026-01-02 20:53:45,008 ERROR: Inference error: 'weight_kg' is an invalid keyword argument for PredictionHistory [in C:\Users\A.L.N. Srinivas\Desktop\EcoPackAI\app.py:97]
2026-01-02 20:53:45,009 INFO: 127.0.0.1 - - [02/Jan/2026 20:53:45] "[35m[1mPOST /predict HTTP/1.1[0m" 500 - [in C:\anaconda3\Lib\site-packages\werkzeug\_internal.py:97]
2026-01-02 21:04:01,748 INFO: [31m[1mWARNING: This is a development server. Do not use it in a production deployment. Use a production WSGI server instead.[0m
 * Running on http://127.0.0.1:5000 [in C:\anaconda3\Lib\site-packages\werkzeug\_internal.py:97]
2026-01-02 21:04:01,748 INFO: [33mPress CTRL+C to quit[0m [in C:\anaconda3\Lib\site-packages\werkzeug\_internal.py:97]
2026-01-02 21:04:01,767 INFO:  * Restarting with watchdog (windowsapi) [in C:\anaconda3\Lib\site-packages\werkzeug\_internal.py:97]
2026-01-02 21:04:05,652 WARNING:  * Debugger is active! [in C:\anaconda3\Lib\site-packages\werkzeug\_internal.py:97]
2026-01-02 21:04:05,658 INFO:  * Debugger PIN: 649-941-359 [in C:\anaconda3\Lib\site-packages\werkzeug\_internal.py:97]
2026-01-02 21:04:34,634 ERROR: Inference error: 'weight_kg' is an invalid keyword argument for PredictionHistory [in C:\Users\A.L.N. Srinivas\Desktop\EcoPackAI\app.py:97]
2026-01-02 21:04:34,635 INFO: 127.0.0.1 - - [02/Jan/2026 21:04:34] "[35m[1mPOST /predict HTTP/1.1[0m" 500 - [in C:\anaconda3\Lib\site-packages\werkzeug\_internal.py:97]
2026-01-02 21:12:50,925 INFO: [31m[1mWARNING: This is a development server. Do not use it in a production deployment. Use a production WSGI server instead.[0m
 * Running on http://127.0.0.1:5000 [in C:\anaconda3\Lib\site-packages\werkzeug\_internal.py:97]
2026-01-02 21:12:50,925 INFO: [33mPress CTRL+C to quit[0m [in C:\anaconda3\Lib\site-packages\werkzeug\_internal.py:97]
2026-01-02 21:12:50,942 INFO:  * Restarting with watchdog (windowsapi) [in C:\anaconda3\Lib\site-packages\werkzeug\_internal.py:97]
2026-01-02 21:12:55,724 WARNING:  * Debugger is active! [in C:\anaconda3\Lib\site-packages\werkzeug\_internal.py:97]
2026-01-02 21:12:55,730 INFO:  * Debugger PIN: 649-941-359 [in C:\anaconda3\Lib\site-packages\werkzeug\_internal.py:97]
2026-01-02 21:12:57,816 INFO: Prediction generated and cached for: Electronics [in C:\Users\A.L.N. Srinivas\Desktop\EcoPackAI\app.py:88]
2026-01-02 21:12:57,817 INFO: 127.0.0.1 - - [02/Jan/2026 21:12:57] "POST /predict HTTP/1.1" 200 - [in C:\anaconda3\Lib\site-packages\werkzeug\_internal.py:97]
2026-01-02 21:14:23,220 INFO: Cache used for key: {"product_weight_kg": 1.5, "fragility_index": 0.3, "category": "Electronics"} [in C:\Users\A.L.N. Srinivas\AppData\Roaming\Python\Python313\site-packages\flask_caching\__init__.py:415]
2026-01-02 21:14:23,221 INFO: 127.0.0.1 - - [02/Jan/2026 21:14:23] "POST /predict HTTP/1.1" 200 - [in C:\anaconda3\Lib\site-packages\werkzeug\_internal.py:97]
2026-01-02 21:15:41,967 INFO: Cache used for key: {"product_weight_kg": 1.5, "fragility_index": 0.3, "category": "Electronics"} [in C:\Users\A.L.N. Srinivas\AppData\Roaming\Python\Python313\site-packages\flask_caching\__init__.py:415]
2026-01-02 21:15:41,967 INFO: 127.0.0.1 - - [02/Jan/2026 21:15:41] "POST /predict HTTP/1.1" 200 - [in C:\anaconda3\Lib\site-packages\werkzeug\_internal.py:97]
2026-01-02 21:18:14,925 INFO:  * Detected change in 'C:\\Users\\A.L.N. Srinivas\\Desktop\\EcoPackAI\\venv\\Lib\\site-packages\\flask\\typing.py', reloading [in C:\anaconda3\Lib\site-packages\werkzeug\_internal.py:97]
2026-01-02 21:18:14,946 INFO:  * Detected change in 'C:\\Users\\A.L.N. Srinivas\\Desktop\\EcoPackAI\\venv\\Lib\\site-packages\\werkzeug\\sansio\\response.py', reloading [in C:\anaconda3\Lib\site-packages\werkzeug\_internal.py:97]
2026-01-02 21:18:14,988 INFO:  * Detected change in 'C:\\Users\\A.L.N. Srinivas\\Desktop\\EcoPackAI\\venv\\Lib\\site-packages\\werkzeug\\datastructures\\__init__.py', reloading [in C:\anaconda3\Lib\site-packages\werkzeug\_internal.py:97]
2026-01-02 21:18:15,004 INFO:  * Detected change in 'C:\\Users\\A.L.N. Srinivas\\Desktop\\EcoPackAI\\venv\\Lib\\site-packages\\werkzeug\\datastructures\\headers.py', reloading [in C:\anaconda3\Lib\site-packages\werkzeug\_internal.py:97]
2026-01-02 21:18:15,626 INFO:  * Restarting with watchdog (windowsapi) [in C:\anaconda3\Lib\site-packages\werkzeug\_internal.py:97]
2026-01-02 21:18:20,536 WARNING:  * Debugger is active! [in C:\anaconda3\Lib\site-packages\werkzeug\_internal.py:97]
2026-01-02 21:18:20,544 INFO:  * Debugger PIN: 649-941-359 [in C:\anaconda3\Lib\site-packages\werkzeug\_internal.py:97]
2026-01-02 21:18:42,292 INFO: [31m[1mWARNING: This is a development server. Do not use it in a production deployment. Use a production WSGI server instead.[0m
 * Running on http://127.0.0.1:5000 [in C:\anaconda3\Lib\site-packages\werkzeug\_internal.py:97]
2026-01-02 21:18:42,293 INFO: [33mPress CTRL+C to quit[0m [in C:\anaconda3\Lib\site-packages\werkzeug\_internal.py:97]
2026-01-02 21:18:42,314 INFO:  * Restarting with watchdog (windowsapi) [in C:\anaconda3\Lib\site-packages\werkzeug\_internal.py:97]
2026-01-02 21:18:45,838 WARNING:  * Debugger is active! [in C:\anaconda3\Lib\site-packages\werkzeug\_internal.py:97]
2026-01-02 21:18:45,845 INFO:  * Debugger PIN: 649-941-359 [in C:\anaconda3\Lib\site-packages\werkzeug\_internal.py:97]
2026-01-02 21:18:49,088 INFO: Prediction generated and cached for: Electronics [in C:\Users\A.L.N. Srinivas\Desktop\EcoPackAI\app.py:88]
2026-01-02 21:18:49,089 INFO: 127.0.0.1 - - [02/Jan/2026 21:18:49] "POST /predict HTTP/1.1" 200 - [in C:\anaconda3\Lib\site-packages\werkzeug\_internal.py:97]
2026-01-02 21:18:51,808 INFO: Cache used for key: /predict_5804104276077789136 [in C:\Users\A.L.N. Srinivas\AppData\Roaming\Python\Python313\site-packages\flask_caching\__init__.py:415]
2026-01-02 21:18:51,808 INFO: 127.0.0.1 - - [02/Jan/2026 21:18:51] "POST /predict HTTP/1.1" 200 - [in C:\anaconda3\Lib\site-packages\werkzeug\_internal.py:97]
2026-01-02 21:18:57,119 INFO: Cache used for key: /predict_5804104276077789136 [in C:\Users\A.L.N. Srinivas\AppData\Roaming\Python\Python313\site-packages\flask_caching\__init__.py:415]
2026-01-02 21:18:57,120 INFO: 127.0.0.1 - - [02/Jan/2026 21:18:57] "POST /predict HTTP/1.1" 200 - [in C:\anaconda3\Lib\site-packages\werkzeug\_internal.py:97]
2026-01-02 21:20:37,943 INFO:  * Detected change in 'C:\\Users\\A.L.N. Srinivas\\Desktop\\EcoPackAI\\app.py', reloading [in C:\anaconda3\Lib\site-packages\werkzeug\_internal.py:97]
2026-01-02 21:20:37,944 INFO:  * Detected change in 'C:\\Users\\A.L.N. Srinivas\\Desktop\\EcoPackAI\\app.py', reloading [in C:\anaconda3\Lib\site-packages\werkzeug\_internal.py:97]
2026-01-02 21:20:37,945 INFO:  * Detected change in 'C:\\Users\\A.L.N. Srinivas\\Desktop\\EcoPackAI\\app.py', reloading [in C:\anaconda3\Lib\site-packages\werkzeug\_internal.py:97]
2026-01-02 21:20:39,194 INFO:  * Restarting with watchdog (windowsapi) [in C:\anaconda3\Lib\site-packages\werkzeug\_internal.py:97]
2026-01-02 21:20:43,292 WARNING:  * Debugger is active! [in C:\anaconda3\Lib\site-packages\werkzeug\_internal.py:97]
2026-01-02 21:20:43,299 INFO:  * Debugger PIN: 649-941-359 [in C:\anaconda3\Lib\site-packages\werkzeug\_internal.py:97]
2026-01-02 21:21:20,506 INFO:  * Detected change in 'C:\\Users\\A.L.N. Srinivas\\Desktop\\EcoPackAI\\app.py', reloading [in C:\anaconda3\Lib\site-packages\werkzeug\_internal.py:97]
2026-01-02 21:21:20,526 INFO:  * Detected change in 'C:\\Users\\A.L.N. Srinivas\\Desktop\\EcoPackAI\\app.py', reloading [in C:\anaconda3\Lib\site-packages\werkzeug\_internal.py:97]
2026-01-02 21:21:20,527 INFO:  * Detected change in 'C:\\Users\\A.L.N. Srinivas\\Desktop\\EcoPackAI\\app.py', reloading [in C:\anaconda3\Lib\site-packages\werkzeug\_internal.py:97]
2026-01-02 21:21:21,162 INFO:  * Restarting with watchdog (windowsapi) [in C:\anaconda3\Lib\site-packages\werkzeug\_internal.py:97]
2026-01-02 21:21:25,052 WARNING:  * Debugger is active! [in C:\anaconda3\Lib\site-packages\werkzeug\_internal.py:97]
2026-01-02 21:21:25,057 INFO:  * Debugger PIN: 649-941-359 [in C:\anaconda3\Lib\site-packages\werkzeug\_internal.py:97]
2026-01-02 21:23:03,144 INFO: [31m[1mWARNING: This is a development server. Do not use it in a production deployment. Use a production WSGI server instead.[0m
 * Running on http://127.0.0.1:5000 [in C:\anaconda3\Lib\site-packages\werkzeug\_internal.py:97]
2026-01-02 21:23:03,144 INFO: [33mPress CTRL+C to quit[0m [in C:\anaconda3\Lib\site-packages\werkzeug\_internal.py:97]
2026-01-02 21:23:03,163 INFO:  * Restarting with watchdog (windowsapi) [in C:\anaconda3\Lib\site-packages\werkzeug\_internal.py:97]
2026-01-02 21:23:06,587 WARNING:  * Debugger is active! [in C:\anaconda3\Lib\site-packages\werkzeug\_internal.py:97]
2026-01-02 21:23:06,594 INFO:  * Debugger PIN: 649-941-359 [in C:\anaconda3\Lib\site-packages\werkzeug\_internal.py:97]
2026-01-02 21:23:06,801 INFO: Prediction generated and cached for: Electronics [in C:\Users\A.L.N. Srinivas\Desktop\EcoPackAI\app.py:89]
2026-01-02 21:23:06,802 INFO: 127.0.0.1 - - [02/Jan/2026 21:23:06] "POST /predict HTTP/1.1" 200 - [in C:\anaconda3\Lib\site-packages\werkzeug\_internal.py:97]
2026-01-02 21:23:09,471 INFO: Cache used for key: predict_{"product_weight_kg": 1.5, "fragility_index": 0.3, "category": "Electronics"} [in C:\Users\A.L.N. Srinivas\AppData\Roaming\Python\Python313\site-packages\flask_caching\__init__.py:415]
2026-01-02 21:23:09,471 INFO: 127.0.0.1 - - [02/Jan/2026 21:23:09] "POST /predict HTTP/1.1" 200 - [in C:\anaconda3\Lib\site-packages\werkzeug\_internal.py:97]
2026-01-02 21:23:12,918 INFO: Cache used for key: predict_{"product_weight_kg": 1.5, "fragility_index": 0.3, "category": "Electronics"} [in C:\Users\A.L.N. Srinivas\AppData\Roaming\Python\Python313\site-packages\flask_caching\__init__.py:415]
2026-01-02 21:23:12,918 INFO: 127.0.0.1 - - [02/Jan/2026 21:23:12] "POST /predict HTTP/1.1" 200 - [in C:\anaconda3\Lib\site-packages\werkzeug\_internal.py:97]
2026-01-02 21:24:19,135 INFO:  * Detected change in 'C:\\Users\\A.L.N. Srinivas\\Desktop\\EcoPackAI\\app.py', reloading [in C:\anaconda3\Lib\site-packages\werkzeug\_internal.py:97]
2026-01-02 21:24:19,135 INFO:  * Detected change in 'C:\\Users\\A.L.N. Srinivas\\Desktop\\EcoPackAI\\app.py', reloading [in C:\anaconda3\Lib\site-packages\werkzeug\_internal.py:97]
2026-01-02 21:24:19,136 INFO:  * Detected change in 'C:\\Users\\A.L.N. Srinivas\\Desktop\\EcoPackAI\\app.py', reloading [in C:\anaconda3\Lib\site-packages\werkzeug\_internal.py:97]
2026-01-02 21:24:19,652 INFO:  * Restarting with watchdog (windowsapi) [in C:\anaconda3\Lib\site-packages\werkzeug\_internal.py:97]
2026-01-02 21:24:23,789 WARNING:  * Debugger is active! [in C:\anaconda3\Lib\site-packages\werkzeug\_internal.py:97]
2026-01-02 21:24:23,799 INFO:  * Debugger PIN: 649-941-359 [in C:\anaconda3\Lib\site-packages\werkzeug\_internal.py:97]
2026-01-02 21:25:27,670 INFO: [31m[1mWARNING: This is a development server. Do not use it in a production deployment. Use a production WSGI server instead.[0m
 * Running on http://127.0.0.1:5000 [in C:\anaconda3\Lib\site-packages\werkzeug\_internal.py:97]
2026-01-02 21:25:27,671 INFO: [33mPress CTRL+C to quit[0m [in C:\anaconda3\Lib\site-packages\werkzeug\_internal.py:97]
2026-01-02 21:25:27,689 INFO:  * Restarting with watchdog (windowsapi) [in C:\anaconda3\Lib\site-packages\werkzeug\_internal.py:97]
2026-01-02 21:25:30,930 WARNING:  * Debugger is active! [in C:\anaconda3\Lib\site-packages\werkzeug\_internal.py:97]
2026-01-02 21:25:30,936 INFO:  * Debugger PIN: 649-941-359 [in C:\anaconda3\Lib\site-packages\werkzeug\_internal.py:97]
2026-01-02 21:25:50,760 INFO: Prediction generated and cached for: Electronics [in C:\Users\A.L.N. Srinivas\Desktop\EcoPackAI\app.py:89]
2026-01-02 21:25:50,762 INFO: 127.0.0.1 - - [02/Jan/2026 21:25:50] "POST /predict HTTP/1.1" 200 - [in C:\anaconda3\Lib\site-packages\werkzeug\_internal.py:97]
2026-01-02 21:25:55,391 INFO: Cache used for key: predict_{"product_weight_kg": 1.5, "fragility_index": 0.3, "category": "Electronics"} [in C:\Users\A.L.N. Srinivas\AppData\Roaming\Python\Python313\site-packages\flask_caching\__init__.py:415]
2026-01-02 21:25:55,392 INFO: 127.0.0.1 - - [02/Jan/2026 21:25:55] "POST /predict HTTP/1.1" 200 - [in C:\anaconda3\Lib\site-packages\werkzeug\_internal.py:97]
2026-01-02 21:29:05,096 INFO:  * Detected change in 'C:\\Users\\A.L.N. Srinivas\\Desktop\\EcoPackAI\\app.py', reloading [in C:\anaconda3\Lib\site-packages\werkzeug\_internal.py:97]
2026-01-02 21:29:05,097 INFO:  * Detected change in 'C:\\Users\\A.L.N. Srinivas\\Desktop\\EcoPackAI\\app.py', reloading [in C:\anaconda3\Lib\site-packages\werkzeug\_internal.py:97]
2026-01-02 21:29:05,097 INFO:  * Detected change in 'C:\\Users\\A.L.N. Srinivas\\Desktop\\EcoPackAI\\app.py', reloading [in C:\anaconda3\Lib\site-packages\werkzeug\_internal.py:97]
2026-01-02 21:29:06,516 INFO:  * Restarting with watchdog (windowsapi) [in C:\anaconda3\Lib\site-packages\werkzeug\_internal.py:97]
2026-01-02 21:29:12,131 WARNING:  * Debugger is active! [in C:\anaconda3\Lib\site-packages\werkzeug\_internal.py:97]
2026-01-02 21:29:12,140 INFO:  * Debugger PIN: 649-941-359 [in C:\anaconda3\Lib\site-packages\werkzeug\_internal.py:97]
2026-01-02 21:29:56,822 INFO:  * Detected change in 'C:\\Users\\A.L.N. Srinivas\\Desktop\\EcoPackAI\\app.py', reloading [in C:\anaconda3\Lib\site-packages\werkzeug\_internal.py:97]
2026-01-02 21:29:56,823 INFO:  * Detected change in 'C:\\Users\\A.L.N. Srinivas\\Desktop\\EcoPackAI\\app.py', reloading [in C:\anaconda3\Lib\site-packages\werkzeug\_internal.py:97]
2026-01-02 21:29:58,042 INFO:  * Restarting with watchdog (windowsapi) [in C:\anaconda3\Lib\site-packages\werkzeug\_internal.py:97]
2026-01-02 21:30:02,271 WARNING:  * Debugger is active! [in C:\anaconda3\Lib\site-packages\werkzeug\_internal.py:97]
2026-01-02 21:30:02,281 INFO:  * Debugger PIN: 649-941-359 [in C:\anaconda3\Lib\site-packages\werkzeug\_internal.py:97]
2026-01-02 21:30:12,719 INFO: [31m[1mWARNING: This is a development server. Do not use it in a production deployment. Use a production WSGI server instead.[0m
 * Running on http://127.0.0.1:5000 [in C:\anaconda3\Lib\site-packages\werkzeug\_internal.py:97]
2026-01-02 21:30:12,719 INFO: [33mPress CTRL+C to quit[0m [in C:\anaconda3\Lib\site-packages\werkzeug\_internal.py:97]
2026-01-02 21:30:12,796 INFO:  * Restarting with watchdog (windowsapi) [in C:\anaconda3\Lib\site-packages\werkzeug\_internal.py:97]
2026-01-02 21:30:17,545 WARNING:  * Debugger is active! [in C:\anaconda3\Lib\site-packages\werkzeug\_internal.py:97]
2026-01-02 21:30:17,552 INFO:  * Debugger PIN: 649-941-359 [in C:\anaconda3\Lib\site-packages\werkzeug\_internal.py:97]
2026-01-02 21:30:25,058 INFO: Prediction generated and cached for: Electronics [in C:\Users\A.L.N. Srinivas\Desktop\EcoPackAI\app.py:89]
2026-01-02 21:30:25,060 INFO: 127.0.0.1 - - [02/Jan/2026 21:30:25] "POST /predict HTTP/1.1" 200 - [in C:\anaconda3\Lib\site-packages\werkzeug\_internal.py:97]
2026-01-02 21:30:29,073 INFO: Cache used for key: predict_{"product_weight_kg": 1.5, "fragility_index": 0.3, "category": "Electronics"} [in C:\Users\A.L.N. Srinivas\AppData\Roaming\Python\Python313\site-packages\flask_caching\__init__.py:415]
2026-01-02 21:30:29,073 INFO: 127.0.0.1 - - [02/Jan/2026 21:30:29] "POST /predict HTTP/1.1" 200 - [in C:\anaconda3\Lib\site-packages\werkzeug\_internal.py:97]
2026-01-02 21:30:47,739 INFO:  * Detected change in 'C:\\Users\\A.L.N. Srinivas\\Desktop\\EcoPackAI\\app.py', reloading [in C:\anaconda3\Lib\site-packages\werkzeug\_internal.py:97]
2026-01-02 21:30:47,744 INFO:  * Detected change in 'C:\\Users\\A.L.N. Srinivas\\Desktop\\EcoPackAI\\app.py', reloading [in C:\anaconda3\Lib\site-packages\werkzeug\_internal.py:97]
2026-01-02 21:30:47,745 INFO:  * Detected change in 'C:\\Users\\A.L.N. Srinivas\\Desktop\\EcoPackAI\\app.py', reloading [in C:\anaconda3\Lib\site-packages\werkzeug\_internal.py:97]
2026-01-02 21:30:48,289 INFO:  * Restarting with watchdog (windowsapi) [in C:\anaconda3\Lib\site-packages\werkzeug\_internal.py:97]
2026-01-02 21:30:52,078 WARNING:  * Debugger is active! [in C:\anaconda3\Lib\site-packages\werkzeug\_internal.py:97]
2026-01-02 21:30:52,085 INFO:  * Debugger PIN: 649-941-359 [in C:\anaconda3\Lib\site-packages\werkzeug\_internal.py:97]
2026-01-02 21:30:52,959 INFO: Prediction generated and cached for: Electronics [in C:\Users\A.L.N. Srinivas\Desktop\EcoPackAI\app.py:88]
2026-01-02 21:30:52,960 INFO: 127.0.0.1 - - [02/Jan/2026 21:30:52] "POST /predict HTTP/1.1" 200 - [in C:\anaconda3\Lib\site-packages\werkzeug\_internal.py:97]
2026-01-02 21:30:55,503 INFO: Cache used for key: predict_{"product_weight_kg": 1.5, "fragility_index": 0.3, "category": "Electronics"} [in C:\Users\A.L.N. Srinivas\AppData\Roaming\Python\Python313\site-packages\flask_caching\__init__.py:415]
2026-01-02 21:30:55,503 INFO: 127.0.0.1 - - [02/Jan/2026 21:30:55] "POST /predict HTTP/1.1" 200 - [in C:\anaconda3\Lib\site-packages\werkzeug\_internal.py:97]
